******************************************************************************
                  TI ARM Linker PC v18.12.1                    
******************************************************************************
>> Linked Wed Oct  2 17:03:51 2019

OUTPUT FILE NAME:   <TIRCCGPIO.out>
ENTRY POINT SYMBOL: "_c_int00_noinit_noargs"  address: 00000c2d


MEMORY CONFIGURATION

         name            origin    length      used     unused   attr    fill
----------------------  --------  ---------  --------  --------  ----  --------
  FLASH                 00000000   00040000  00000c6c  0003f394  R  X
  SRAM                  20000000   00008000  00000200  00007e00  RW X


SEGMENT ALLOCATION MAP

run origin  load origin   length   init length attrs members
----------  ----------- ---------- ----------- ----- -------
00000000    00000000    00000c6c   00000c6c    r-x
  00000000    00000000    0000026c   0000026c    r-- .intvecs
  0000026c    0000026c    00000a00   00000a00    r-x .text
20000000    20000000    00000200   00000000    rw-
  20000000    20000000    00000200   00000000    rw- .stack


SECTION ALLOCATION MAP

 output                                  attributes/
section   page    origin      length       input sections
--------  ----  ----------  ----------   ----------------
.intvecs   0    00000000    0000026c     
                  00000000    0000026c     tm4c123gh6pm_startup_ccs.obj (.intvecs)

.text      0    0000026c    00000a00     
                  0000026c    0000073c     GPIO_Control.obj (.text)
                  000009a8    000001d4     RCC_Control.obj (.text)
                  00000b7c    000000b0     main.obj (.text)
                  00000c2c    0000002c     rtsv7M4_T_le_v4SPD16_eabi.lib : boot_cortex_m.c.obj (.text:_c_int00_noinit_noargs:_c_int00_noinit_noargs)
                  00000c58    0000000c     tm4c123gh6pm_startup_ccs.obj (.text)
                  00000c64    00000004     rtsv7M4_T_le_v4SPD16_eabi.lib : pre_init.c.obj (.text:_system_pre_init)
                  00000c68    00000004                                   : exit.c.obj (.text:abort:abort)

.cinit     0    00000000    00000000     UNINITIALIZED

.init_array 
*          0    00000000    00000000     UNINITIALIZED

.stack     0    20000000    00000200     UNINITIALIZED
                  20000000    00000004     rtsv7M4_T_le_v4SPD16_eabi.lib : boot_cortex_m.c.obj (.stack)
                  20000004    000001fc     --HOLE--

MODULE SUMMARY

       Module                         code   ro data   rw data
       ------                         ----   -------   -------
    .\
       GPIO_Control.obj               1852   0         0      
       tm4c123gh6pm_startup_ccs.obj   12     620       0      
       RCC_Control.obj                468    0         0      
       main.obj                       176    0         0      
    +--+------------------------------+------+---------+---------+
       Total:                         2508   620       0      
                                                              
    E:\ti\ccs901\ccs\tools\compiler\ti-cgt-arm_18.12.1.LTS\lib\rtsv7M4_T_le_v4SPD16_eabi.lib
       boot_cortex_m.c.obj            44     0         0      
       exit.c.obj                     4      0         0      
       pre_init.c.obj                 4      0         0      
    +--+------------------------------+------+---------+---------+
       Total:                         52     0         0      
                                                              
       Stack:                         0      0         512    
    +--+------------------------------+------+---------+---------+
       Grand Total:                   2560   620       512    


GLOBAL SYMBOLS: SORTED ALPHABETICALLY BY Name 

address   name                  
-------   ----                  
00000c69  C$$EXIT               
00000b7d  Delay                 
0000026d  GPIO_PinConfig        
00000945  GPIO_PinRead          
00000905  GPIO_PinWrite         
000009a9  RCC_EnableCLK         
00000c59  ResetISR              
20000200  __STACK_END           
00000200  __STACK_SIZE          
20000200  __STACK_TOP           
ffffffff  __TI_pprof_out_hndl   
ffffffff  __TI_prof_data_size   
ffffffff  __TI_prof_data_start  
00000000  __TI_static_base__    
ffffffff  __binit__             
ffffffff  __c_args__            
UNDEFED   __mpu_init            
20000000  __stack               
00000c2d  _c_int00_noinit_noargs
00000c65  _system_pre_init      
00000c69  abort                 
ffffffff  binit                 
00000000  g_pfnVectors          
00000ba1  main                  
00000be9  pinnconfig            


GLOBAL SYMBOLS: SORTED BY Symbol Address 

address   name                  
-------   ----                  
00000000  __TI_static_base__    
00000000  g_pfnVectors          
00000200  __STACK_SIZE          
0000026d  GPIO_PinConfig        
00000905  GPIO_PinWrite         
00000945  GPIO_PinRead          
000009a9  RCC_EnableCLK         
00000b7d  Delay                 
00000ba1  main                  
00000be9  pinnconfig            
00000c2d  _c_int00_noinit_noargs
00000c59  ResetISR              
00000c65  _system_pre_init      
00000c69  C$$EXIT               
00000c69  abort                 
20000000  __stack               
20000200  __STACK_END           
20000200  __STACK_TOP           
ffffffff  __TI_pprof_out_hndl   
ffffffff  __TI_prof_data_size   
ffffffff  __TI_prof_data_start  
ffffffff  __binit__             
ffffffff  __c_args__            
ffffffff  binit                 
UNDEFED   __mpu_init            

[25 symbols]
